I'm sorry, but errors were detected in your script. Please correct the
errors listed below, and try again.


The label password is defined twice, at File "game/level_1.rpy", line 1153:
    label password:
and File "game/tutorial_story.rpy", line 148:
    label password:


Ren'Py Version: Ren'Py 8.1.3.23091805
Tue Jan 30 14:12:50 2024
